Archive member included because of file (symbol)

../pru1_bsp/\libhal_bsp.a(alt_load.o)
                              ../pru1_bsp//obj/HAL/src/crt0.o (alt_load)
../pru1_bsp/\libhal_bsp.a(alt_main.o)
                              ../pru1_bsp//obj/HAL/src/crt0.o (alt_main)
../pru1_bsp/\libhal_bsp.a(alt_putstr.o)
                              obj/default/hello_world_small.o (alt_putstr)
../pru1_bsp/\libhal_bsp.a(alt_sys_init.o)
                              ../pru1_bsp/\libhal_bsp.a(alt_main.o) (alt_sys_init)
../pru1_bsp/\libhal_bsp.a(altera_avalon_jtag_uart_write.o)
                              ../pru1_bsp/\libhal_bsp.a(alt_putstr.o) (altera_avalon_jtag_uart_write)
../pru1_bsp/\libhal_bsp.a(alt_dcache_flush_all.o)
                              ../pru1_bsp/\libhal_bsp.a(alt_load.o) (alt_dcache_flush_all)
../pru1_bsp/\libhal_bsp.a(alt_icache_flush_all.o)
                              ../pru1_bsp/\libhal_bsp.a(alt_load.o) (alt_icache_flush_all)
../pru1_bsp/\libhal_bsp.a(altera_nios2_qsys_irq.o)
                              ../pru1_bsp/\libhal_bsp.a(alt_sys_init.o) (altera_nios2_qsys_irq_init)
c:/altera/13.0sp1/nios2eds/bin/gnu/h-i686-mingw32/bin/../lib/gcc/nios2-elf/4.1.2/../../../../nios2-elf/lib/mno-hw-mul\libsmallc.a(lib_a-strlen.o)
                              ../pru1_bsp/\libhal_bsp.a(alt_putstr.o) (strlen)

Memory Configuration

Name             Origin             Length             Attributes
reset            0x00002000         0x00000020
memoria          0x00002020         0x00000fe0
*default*        0x00000000         0xffffffff

Linker script and memory map

LOAD ../pru1_bsp//obj/HAL/src/crt0.o
                0x0000200c                exit = _exit
LOAD obj/default/hello_world_small.o
LOAD c:/altera/13.0sp1/nios2eds/bin/gnu/h-i686-mingw32/bin/../lib/gcc/nios2-elf/4.1.2/../../../../nios2-elf/lib/mno-hw-mul\libstdc++.a
LOAD c:/altera/13.0sp1/nios2eds/bin/gnu/h-i686-mingw32/bin/../lib/gcc/nios2-elf/4.1.2/../../../../nios2-elf/lib/mno-hw-mul\libm.a
LOAD c:/altera/13.0sp1/nios2eds/bin/gnu/h-i686-mingw32/bin/../lib/gcc/nios2-elf/4.1.2/mno-hw-mul\libgcc.a
START GROUP
LOAD c:/altera/13.0sp1/nios2eds/bin/gnu/h-i686-mingw32/bin/../lib/gcc/nios2-elf/4.1.2/../../../../nios2-elf/lib/mno-hw-mul\libsmallc.a
LOAD c:/altera/13.0sp1/nios2eds/bin/gnu/h-i686-mingw32/bin/../lib/gcc/nios2-elf/4.1.2/mno-hw-mul\libgcc.a
LOAD ../pru1_bsp/\libhal_bsp.a
END GROUP
LOAD c:/altera/13.0sp1/nios2eds/bin/gnu/h-i686-mingw32/bin/../lib/gcc/nios2-elf/4.1.2/mno-hw-mul\libgcc.a
                0x00002000                __alt_mem_memoria = 0x2000

.entry          0x00002000       0x20
 *(.entry)
 .entry         0x00002000       0x20 ../pru1_bsp//obj/HAL/src/crt0.o
                0x00002000                __reset
                0x0000200c                _exit

.exceptions     0x00002020        0x0
                0x00002020                PROVIDE (__ram_exceptions_start, ABSOLUTE (.))
                0x00002020                . = ALIGN (0x20)
 *(.irq)
 *(.exceptions.entry.label)
 *(.exceptions.entry.user)
 *(.exceptions.entry)
 *(.exceptions.irqtest.user)
 *(.exceptions.irqtest)
 *(.exceptions.irqhandler.user)
 *(.exceptions.irqhandler)
 *(.exceptions.irqreturn.user)
 *(.exceptions.irqreturn)
 *(.exceptions.notirq.label)
 *(.exceptions.notirq.user)
 *(.exceptions.notirq)
 *(.exceptions.soft.user)
 *(.exceptions.soft)
 *(.exceptions.unknown.user)
 *(.exceptions.unknown)
 *(.exceptions.exit.label)
 *(.exceptions.exit.user)
 *(.exceptions.exit)
 *(.exceptions)
                0x00002020                PROVIDE (__ram_exceptions_end, ABSOLUTE (.))
                0x00002020                PROVIDE (__flash_exceptions_start, LOADADDR (.exceptions))

.text           0x00002020      0x1cc
                0x00002020                PROVIDE (stext, ABSOLUTE (.))
 *(.interp)
 *(.hash)
 *(.dynsym)
 *(.dynstr)
 *(.gnu.version)
 *(.gnu.version_d)
 *(.gnu.version_r)
 *(.rel.init)
 *(.rela.init)
 *(.rel.text .rel.text.* .rel.gnu.linkonce.t.*)
 *(.rela.text .rela.text.* .rela.gnu.linkonce.t.*)
 *(.rel.fini)
 *(.rela.fini)
 *(.rel.rodata .rel.rodata.* .rel.gnu.linkonce.r.*)
 *(.rela.rodata .rela.rodata.* .rela.gnu.linkonce.r.*)
 *(.rel.data .rel.data.* .rel.gnu.linkonce.d.*)
 *(.rela.data .rela.data.* .rela.gnu.linkonce.d.*)
 *(.rel.tdata .rel.tdata.* .rel.gnu.linkonce.td.*)
 *(.rela.tdata .rela.tdata.* .rela.gnu.linkonce.td.*)
 *(.rel.tbss .rel.tbss.* .rel.gnu.linkonce.tb.*)
 *(.rela.tbss .rela.tbss.* .rela.gnu.linkonce.tb.*)
 *(.rel.ctors)
 *(.rela.ctors)
 *(.rel.dtors)
 *(.rela.dtors)
 *(.rel.got)
 *(.rela.got)
 *(.rel.sdata .rel.sdata.* .rel.gnu.linkonce.s.*)
 *(.rela.sdata .rela.sdata.* .rela.gnu.linkonce.s.*)
 *(.rel.sbss .rel.sbss.* .rel.gnu.linkonce.sb.*)
 *(.rela.sbss .rela.sbss.* .rela.gnu.linkonce.sb.*)
 *(.rel.sdata2 .rel.sdata2.* .rel.gnu.linkonce.s2.*)
 *(.rela.sdata2 .rela.sdata2.* .rela.gnu.linkonce.s2.*)
 *(.rel.sbss2 .rel.sbss2.* .rel.gnu.linkonce.sb2.*)
 *(.rela.sbss2 .rela.sbss2.* .rela.gnu.linkonce.sb2.*)
 *(.rel.bss .rel.bss.* .rel.gnu.linkonce.b.*)
 *(.rela.bss .rela.bss.* .rela.gnu.linkonce.b.*)
 *(.rel.plt)
 *(.rela.plt)
 *(.rel.dyn)
 *(.init)
 *(.plt)
 *(.text .stub .text.* .gnu.linkonce.t.*)
 .text          0x00002020       0x3c ../pru1_bsp//obj/HAL/src/crt0.o
                0x00002020                _start
 .text          0x0000205c       0x18 obj/default/hello_world_small.o
                0x0000205c                main
 .text          0x00002074       0x8c ../pru1_bsp/\libhal_bsp.a(alt_load.o)
                0x00002094                alt_load
 .text          0x00002100       0x2c ../pru1_bsp/\libhal_bsp.a(alt_main.o)
                0x00002100                alt_main
 .text          0x0000212c       0x38 ../pru1_bsp/\libhal_bsp.a(alt_putstr.o)
                0x0000212c                alt_putstr
 .text          0x00002164       0x24 ../pru1_bsp/\libhal_bsp.a(alt_sys_init.o)
                0x00002164                alt_sys_init
                0x00002168                alt_irq_init
 .text          0x00002188       0x34 ../pru1_bsp/\libhal_bsp.a(altera_avalon_jtag_uart_write.o)
                0x00002188                altera_avalon_jtag_uart_write
 .text          0x000021bc        0x4 ../pru1_bsp/\libhal_bsp.a(alt_dcache_flush_all.o)
                0x000021bc                alt_dcache_flush_all
 .text          0x000021c0        0x4 ../pru1_bsp/\libhal_bsp.a(alt_icache_flush_all.o)
                0x000021c0                alt_icache_flush_all
 .text          0x000021c4        0x8 ../pru1_bsp/\libhal_bsp.a(altera_nios2_qsys_irq.o)
                0x000021c4                altera_nios2_qsys_irq_init
 .text          0x000021cc       0x20 c:/altera/13.0sp1/nios2eds/bin/gnu/h-i686-mingw32/bin/../lib/gcc/nios2-elf/4.1.2/../../../../nios2-elf/lib/mno-hw-mul\libsmallc.a(lib_a-strlen.o)
                0x000021cc                strlen
 *(.gnu.warning.*)
 *(.fini)
                0x000021ec                PROVIDE (__etext, ABSOLUTE (.))
                0x000021ec                PROVIDE (_etext, ABSOLUTE (.))
                0x000021ec                PROVIDE (etext, ABSOLUTE (.))
 *(.eh_frame_hdr)
                0x000021ec                . = ALIGN (0x4)
                0x000021ec                PROVIDE (__preinit_array_start, ABSOLUTE (.))
 *(.preinit_array)
                0x000021ec                PROVIDE (__preinit_array_end, ABSOLUTE (.))
                0x000021ec                PROVIDE (__init_array_start, ABSOLUTE (.))
 *(.init_array)
                0x000021ec                PROVIDE (__init_array_end, ABSOLUTE (.))
                0x000021ec                PROVIDE (__fini_array_start, ABSOLUTE (.))
 *(.fini_array)
                0x000021ec                PROVIDE (__fini_array_end, ABSOLUTE (.))
 *(.eh_frame)
 *(.gcc_except_table)
 *(.dynamic)
                0x000021ec                PROVIDE (__CTOR_LIST__, ABSOLUTE (.))
 *(.ctors)
 *(SORT(.ctors.*))
                0x000021ec                PROVIDE (__CTOR_END__, ABSOLUTE (.))
                0x000021ec                PROVIDE (__DTOR_LIST__, ABSOLUTE (.))
 *(.dtors)
 *(SORT(.dtors.*))
                0x000021ec                PROVIDE (__DTOR_END__, ABSOLUTE (.))
 *(.jcr)
                0x000021ec                . = ALIGN (0x4)

.rodata         0x000021ec        0xc
                0x000021ec                PROVIDE (__ram_rodata_start, ABSOLUTE (.))
                0x000021ec                . = ALIGN (0x4)
 *(.rodata .rodata.* .gnu.linkonce.r.*)
 .rodata.str1.4
                0x000021ec        0xc obj/default/hello_world_small.o
 *(.rodata1)
                0x000021f8                . = ALIGN (0x4)
                0x000021f8                PROVIDE (__ram_rodata_end, ABSOLUTE (.))
                0x000021ec                PROVIDE (__flash_rodata_start, LOADADDR (.rodata))

.rwdata         0x000021f8        0x0
                0x000021f8                PROVIDE (__ram_rwdata_start, ABSOLUTE (.))
                0x000021f8                . = ALIGN (0x4)
 *(.got.plt)
 *(.got)
 *(.data1)
 *(.data .data.* .gnu.linkonce.d.*)
 .data          0x000021f8        0x0 ../pru1_bsp//obj/HAL/src/crt0.o
 .data          0x000021f8        0x0 obj/default/hello_world_small.o
 .data          0x000021f8        0x0 ../pru1_bsp/\libhal_bsp.a(alt_load.o)
 .data          0x000021f8        0x0 ../pru1_bsp/\libhal_bsp.a(alt_main.o)
 .data          0x000021f8        0x0 ../pru1_bsp/\libhal_bsp.a(alt_putstr.o)
 .data          0x000021f8        0x0 ../pru1_bsp/\libhal_bsp.a(alt_sys_init.o)
 .data          0x000021f8        0x0 ../pru1_bsp/\libhal_bsp.a(altera_avalon_jtag_uart_write.o)
 .data          0x000021f8        0x0 ../pru1_bsp/\libhal_bsp.a(alt_dcache_flush_all.o)
 .data          0x000021f8        0x0 ../pru1_bsp/\libhal_bsp.a(alt_icache_flush_all.o)
 .data          0x000021f8        0x0 ../pru1_bsp/\libhal_bsp.a(altera_nios2_qsys_irq.o)
 .data          0x000021f8        0x0 c:/altera/13.0sp1/nios2eds/bin/gnu/h-i686-mingw32/bin/../lib/gcc/nios2-elf/4.1.2/../../../../nios2-elf/lib/mno-hw-mul\libsmallc.a(lib_a-strlen.o)
                0x0000a1f8                _gp = ABSOLUTE ((. + 0x8000))
                0x0000a1f8                PROVIDE (gp, _gp)
 *(.rwdata .rwdata.*)
 *(.sdata .sdata.* .gnu.linkonce.s.*)
 *(.sdata2 .sdata2.* .gnu.linkonce.s2.*)
                0x000021f8                . = ALIGN (0x4)
                0x000021f8                _edata = ABSOLUTE (.)
                0x000021f8                PROVIDE (edata, ABSOLUTE (.))
                0x000021f8                PROVIDE (__ram_rwdata_end, ABSOLUTE (.))
                0x000021f8                PROVIDE (__flash_rwdata_start, LOADADDR (.rwdata))

.bss            0x000021f8       0x10
                0x000021f8                __bss_start = ABSOLUTE (.)
                0x000021f8                PROVIDE (__sbss_start, ABSOLUTE (.))
                0x000021f8                PROVIDE (___sbss_start, ABSOLUTE (.))
 *(.dynsbss)
 *(.sbss .sbss.* .gnu.linkonce.sb.*)
 .sbss          0x000021f8        0xc ../pru1_bsp/\libhal_bsp.a(alt_main.o)
                0x000021f8                alt_argc
                0x000021fc                alt_argv
                0x00002200                alt_envp
 .sbss          0x00002204        0x4 ../pru1_bsp/\libhal_bsp.a(alt_sys_init.o)
                0x00002204                jtag
 *(.sbss2 .sbss2.* .gnu.linkonce.sb2.*)
 *(.scommon)
                0x00002208                PROVIDE (__sbss_end, ABSOLUTE (.))
                0x00002208                PROVIDE (___sbss_end, ABSOLUTE (.))
 *(.dynbss)
 *(.bss .bss.* .gnu.linkonce.b.*)
 .bss           0x00002208        0x0 ../pru1_bsp//obj/HAL/src/crt0.o
 .bss           0x00002208        0x0 obj/default/hello_world_small.o
 .bss           0x00002208        0x0 ../pru1_bsp/\libhal_bsp.a(alt_load.o)
 .bss           0x00002208        0x0 ../pru1_bsp/\libhal_bsp.a(alt_main.o)
 .bss           0x00002208        0x0 ../pru1_bsp/\libhal_bsp.a(alt_putstr.o)
 .bss           0x00002208        0x0 ../pru1_bsp/\libhal_bsp.a(alt_sys_init.o)
 .bss           0x00002208        0x0 ../pru1_bsp/\libhal_bsp.a(altera_avalon_jtag_uart_write.o)
 .bss           0x00002208        0x0 ../pru1_bsp/\libhal_bsp.a(alt_dcache_flush_all.o)
 .bss           0x00002208        0x0 ../pru1_bsp/\libhal_bsp.a(alt_icache_flush_all.o)
 .bss           0x00002208        0x0 ../pru1_bsp/\libhal_bsp.a(altera_nios2_qsys_irq.o)
 .bss           0x00002208        0x0 c:/altera/13.0sp1/nios2eds/bin/gnu/h-i686-mingw32/bin/../lib/gcc/nios2-elf/4.1.2/../../../../nios2-elf/lib/mno-hw-mul\libsmallc.a(lib_a-strlen.o)
 *(COMMON)
                0x00002208                . = ALIGN (0x4)
                0x00002208                __bss_end = ABSOLUTE (.)

.memoria        0x00002208        0x0
                0x00002208                PROVIDE (_alt_partition_memoria_start, ABSOLUTE (.))
 *(.memoria. memoria.*)
                0x00002208                . = ALIGN (0x4)
                0x00002208                PROVIDE (_alt_partition_memoria_end, ABSOLUTE (.))
                0x00002208                _end = ABSOLUTE (.)
                0x00002208                end = ABSOLUTE (.)
                0x00002208                __alt_stack_base = ABSOLUTE (.)
                0x00002208                PROVIDE (_alt_partition_memoria_load_addr, LOADADDR (.memoria))

.stab
 *(.stab)

.stabstr
 *(.stabstr)

.stab.excl
 *(.stab.excl)

.stab.exclstr
 *(.stab.exclstr)

.stab.index
 *(.stab.index)

.stab.indexstr
 *(.stab.indexstr)

.comment        0x00000000       0x26
 *(.comment)
 .comment       0x00000000       0x26 obj/default/hello_world_small.o
                                 0x27 (size before relaxing)
 .comment       0x00000000       0x27 ../pru1_bsp/\libhal_bsp.a(alt_load.o)
 .comment       0x00000000       0x27 ../pru1_bsp/\libhal_bsp.a(alt_main.o)
 .comment       0x00000000       0x27 ../pru1_bsp/\libhal_bsp.a(alt_putstr.o)
 .comment       0x00000000       0x27 ../pru1_bsp/\libhal_bsp.a(alt_sys_init.o)
 .comment       0x00000000       0x27 ../pru1_bsp/\libhal_bsp.a(altera_avalon_jtag_uart_write.o)
 .comment       0x00000000       0x27 ../pru1_bsp/\libhal_bsp.a(alt_dcache_flush_all.o)
 .comment       0x00000000       0x27 ../pru1_bsp/\libhal_bsp.a(alt_icache_flush_all.o)
 .comment       0x00000000       0x27 ../pru1_bsp/\libhal_bsp.a(altera_nios2_qsys_irq.o)
 .comment       0x00000000       0x27 c:/altera/13.0sp1/nios2eds/bin/gnu/h-i686-mingw32/bin/../lib/gcc/nios2-elf/4.1.2/../../../../nios2-elf/lib/mno-hw-mul\libsmallc.a(lib_a-strlen.o)

.debug
 *(.debug)

.line
 *(.line)

.debug_srcinfo
 *(.debug_srcinfo)

.debug_sfnames
 *(.debug_sfnames)

.debug_aranges  0x00000000      0x168
 *(.debug_aranges)
 .debug_aranges
                0x00000000       0x28 ../pru1_bsp//obj/HAL/src/crt0.o
 .debug_aranges
                0x00000028       0x20 obj/default/hello_world_small.o
 .debug_aranges
                0x00000048       0x20 ../pru1_bsp/\libhal_bsp.a(alt_load.o)
 .debug_aranges
                0x00000068       0x20 ../pru1_bsp/\libhal_bsp.a(alt_main.o)
 .debug_aranges
                0x00000088       0x20 ../pru1_bsp/\libhal_bsp.a(alt_putstr.o)
 .debug_aranges
                0x000000a8       0x20 ../pru1_bsp/\libhal_bsp.a(alt_sys_init.o)
 .debug_aranges
                0x000000c8       0x20 ../pru1_bsp/\libhal_bsp.a(altera_avalon_jtag_uart_write.o)
 .debug_aranges
                0x000000e8       0x20 ../pru1_bsp/\libhal_bsp.a(alt_dcache_flush_all.o)
 .debug_aranges
                0x00000108       0x20 ../pru1_bsp/\libhal_bsp.a(alt_icache_flush_all.o)
 .debug_aranges
                0x00000128       0x20 ../pru1_bsp/\libhal_bsp.a(altera_nios2_qsys_irq.o)
 .debug_aranges
                0x00000148       0x20 c:/altera/13.0sp1/nios2eds/bin/gnu/h-i686-mingw32/bin/../lib/gcc/nios2-elf/4.1.2/../../../../nios2-elf/lib/mno-hw-mul\libsmallc.a(lib_a-strlen.o)

.debug_pubnames
                0x00000000      0x1b6
 *(.debug_pubnames)
 .debug_pubnames
                0x00000000       0x1b obj/default/hello_world_small.o
 .debug_pubnames
                0x0000001b       0x1f ../pru1_bsp/\libhal_bsp.a(alt_load.o)
 .debug_pubnames
                0x0000003a       0x46 ../pru1_bsp/\libhal_bsp.a(alt_main.o)
 .debug_pubnames
                0x00000080       0x21 ../pru1_bsp/\libhal_bsp.a(alt_putstr.o)
 .debug_pubnames
                0x000000a1       0x3d ../pru1_bsp/\libhal_bsp.a(alt_sys_init.o)
 .debug_pubnames
                0x000000de       0x34 ../pru1_bsp/\libhal_bsp.a(altera_avalon_jtag_uart_write.o)
 .debug_pubnames
                0x00000112       0x2b ../pru1_bsp/\libhal_bsp.a(alt_dcache_flush_all.o)
 .debug_pubnames
                0x0000013d       0x2b ../pru1_bsp/\libhal_bsp.a(alt_icache_flush_all.o)
 .debug_pubnames
                0x00000168       0x31 ../pru1_bsp/\libhal_bsp.a(altera_nios2_qsys_irq.o)
 .debug_pubnames
                0x00000199       0x1d c:/altera/13.0sp1/nios2eds/bin/gnu/h-i686-mingw32/bin/../lib/gcc/nios2-elf/4.1.2/../../../../nios2-elf/lib/mno-hw-mul\libsmallc.a(lib_a-strlen.o)

.debug_info     0x00000000      0x92a
 *(.debug_info .gnu.linkonce.wi.*)
 .debug_info    0x00000000       0x58 ../pru1_bsp//obj/HAL/src/crt0.o
 .debug_info    0x00000058       0x45 obj/default/hello_world_small.o
 .debug_info    0x0000009d      0x12e ../pru1_bsp/\libhal_bsp.a(alt_load.o)
 .debug_info    0x000001cb      0x125 ../pru1_bsp/\libhal_bsp.a(alt_main.o)
 .debug_info    0x000002f0       0xc5 ../pru1_bsp/\libhal_bsp.a(alt_putstr.o)
 .debug_info    0x000003b5      0x17d ../pru1_bsp/\libhal_bsp.a(alt_sys_init.o)
 .debug_info    0x00000532      0x18f ../pru1_bsp/\libhal_bsp.a(altera_avalon_jtag_uart_write.o)
 .debug_info    0x000006c1       0x8d ../pru1_bsp/\libhal_bsp.a(alt_dcache_flush_all.o)
 .debug_info    0x0000074e       0x8d ../pru1_bsp/\libhal_bsp.a(alt_icache_flush_all.o)
 .debug_info    0x000007db       0x8d ../pru1_bsp/\libhal_bsp.a(altera_nios2_qsys_irq.o)
 .debug_info    0x00000868       0xc2 c:/altera/13.0sp1/nios2eds/bin/gnu/h-i686-mingw32/bin/../lib/gcc/nios2-elf/4.1.2/../../../../nios2-elf/lib/mno-hw-mul\libsmallc.a(lib_a-strlen.o)

.debug_abbrev   0x00000000      0x509
 *(.debug_abbrev)
 .debug_abbrev  0x00000000       0x12 ../pru1_bsp//obj/HAL/src/crt0.o
 .debug_abbrev  0x00000012       0x34 obj/default/hello_world_small.o
 .debug_abbrev  0x00000046       0x97 ../pru1_bsp/\libhal_bsp.a(alt_load.o)
 .debug_abbrev  0x000000dd       0xa6 ../pru1_bsp/\libhal_bsp.a(alt_main.o)
 .debug_abbrev  0x00000183       0x7c ../pru1_bsp/\libhal_bsp.a(alt_putstr.o)
 .debug_abbrev  0x000001ff       0xe3 ../pru1_bsp/\libhal_bsp.a(alt_sys_init.o)
 .debug_abbrev  0x000002e2       0xf0 ../pru1_bsp/\libhal_bsp.a(altera_avalon_jtag_uart_write.o)
 .debug_abbrev  0x000003d2       0x3f ../pru1_bsp/\libhal_bsp.a(alt_dcache_flush_all.o)
 .debug_abbrev  0x00000411       0x3f ../pru1_bsp/\libhal_bsp.a(alt_icache_flush_all.o)
 .debug_abbrev  0x00000450       0x3f ../pru1_bsp/\libhal_bsp.a(altera_nios2_qsys_irq.o)
 .debug_abbrev  0x0000048f       0x7a c:/altera/13.0sp1/nios2eds/bin/gnu/h-i686-mingw32/bin/../lib/gcc/nios2-elf/4.1.2/../../../../nios2-elf/lib/mno-hw-mul\libsmallc.a(lib_a-strlen.o)

.debug_line     0x00000000     0x14f9
 *(.debug_line)
 .debug_line    0x00000000       0x66 ../pru1_bsp//obj/HAL/src/crt0.o
 .debug_line    0x00000066       0xdf obj/default/hello_world_small.o
 .debug_line    0x00000145      0x217 ../pru1_bsp/\libhal_bsp.a(alt_load.o)
 .debug_line    0x0000035c      0x2c2 ../pru1_bsp/\libhal_bsp.a(alt_main.o)
 .debug_line    0x0000061e      0x1d9 ../pru1_bsp/\libhal_bsp.a(alt_putstr.o)
 .debug_line    0x000007f7      0x286 ../pru1_bsp/\libhal_bsp.a(alt_sys_init.o)
 .debug_line    0x00000a7d      0x2f4 ../pru1_bsp/\libhal_bsp.a(altera_avalon_jtag_uart_write.o)
 .debug_line    0x00000d71      0x1b5 ../pru1_bsp/\libhal_bsp.a(alt_dcache_flush_all.o)
 .debug_line    0x00000f26      0x1b5 ../pru1_bsp/\libhal_bsp.a(alt_icache_flush_all.o)
 .debug_line    0x000010db      0x1ce ../pru1_bsp/\libhal_bsp.a(altera_nios2_qsys_irq.o)
 .debug_line    0x000012a9      0x250 c:/altera/13.0sp1/nios2eds/bin/gnu/h-i686-mingw32/bin/../lib/gcc/nios2-elf/4.1.2/../../../../nios2-elf/lib/mno-hw-mul\libsmallc.a(lib_a-strlen.o)

.debug_frame    0x00000000      0x188
 *(.debug_frame)
 .debug_frame   0x00000000       0x28 obj/default/hello_world_small.o
 .debug_frame   0x00000028       0x38 ../pru1_bsp/\libhal_bsp.a(alt_load.o)
 .debug_frame   0x00000060       0x28 ../pru1_bsp/\libhal_bsp.a(alt_main.o)
 .debug_frame   0x00000088       0x28 ../pru1_bsp/\libhal_bsp.a(alt_putstr.o)
 .debug_frame   0x000000b0       0x38 ../pru1_bsp/\libhal_bsp.a(alt_sys_init.o)
 .debug_frame   0x000000e8       0x20 ../pru1_bsp/\libhal_bsp.a(altera_avalon_jtag_uart_write.o)
 .debug_frame   0x00000108       0x20 ../pru1_bsp/\libhal_bsp.a(alt_dcache_flush_all.o)
 .debug_frame   0x00000128       0x20 ../pru1_bsp/\libhal_bsp.a(alt_icache_flush_all.o)
 .debug_frame   0x00000148       0x20 ../pru1_bsp/\libhal_bsp.a(altera_nios2_qsys_irq.o)
 .debug_frame   0x00000168       0x20 c:/altera/13.0sp1/nios2eds/bin/gnu/h-i686-mingw32/bin/../lib/gcc/nios2-elf/4.1.2/../../../../nios2-elf/lib/mno-hw-mul\libsmallc.a(lib_a-strlen.o)

.debug_str      0x00000000      0x4cc
 *(.debug_str)
 .debug_str     0x00000000       0x43 obj/default/hello_world_small.o
                                 0x48 (size before relaxing)
 .debug_str     0x00000043      0x168 ../pru1_bsp/\libhal_bsp.a(alt_load.o)
                                0x1ad (size before relaxing)
 .debug_str     0x000001ab       0x75 ../pru1_bsp/\libhal_bsp.a(alt_main.o)
                                0x131 (size before relaxing)
 .debug_str     0x00000220       0x45 ../pru1_bsp/\libhal_bsp.a(alt_putstr.o)
                                0x101 (size before relaxing)
 .debug_str     0x00000265       0x85 ../pru1_bsp/\libhal_bsp.a(alt_sys_init.o)
                                0x19f (size before relaxing)
 .debug_str     0x000002ea       0x56 ../pru1_bsp/\libhal_bsp.a(altera_avalon_jtag_uart_write.o)
                                0x1a9 (size before relaxing)
 .debug_str     0x00000340       0x34 ../pru1_bsp/\libhal_bsp.a(alt_dcache_flush_all.o)
                                 0xf0 (size before relaxing)
 .debug_str     0x00000374       0x34 ../pru1_bsp/\libhal_bsp.a(alt_icache_flush_all.o)
                                 0xf0 (size before relaxing)
 .debug_str     0x000003a8       0x3b ../pru1_bsp/\libhal_bsp.a(altera_nios2_qsys_irq.o)
                                 0xf7 (size before relaxing)
 .debug_str     0x000003e3       0xe9 c:/altera/13.0sp1/nios2eds/bin/gnu/h-i686-mingw32/bin/../lib/gcc/nios2-elf/4.1.2/../../../../nios2-elf/lib/mno-hw-mul\libsmallc.a(lib_a-strlen.o)
                                0x184 (size before relaxing)

.debug_loc      0x00000000      0x11b
 *(.debug_loc)
 .debug_loc     0x00000000       0x1f obj/default/hello_world_small.o
 .debug_loc     0x0000001f       0x1f ../pru1_bsp/\libhal_bsp.a(alt_load.o)
 .debug_loc     0x0000003e       0x1f ../pru1_bsp/\libhal_bsp.a(alt_main.o)
 .debug_loc     0x0000005d       0x48 ../pru1_bsp/\libhal_bsp.a(alt_putstr.o)
 .debug_loc     0x000000a5       0x32 ../pru1_bsp/\libhal_bsp.a(alt_sys_init.o)
 .debug_loc     0x000000d7       0x26 ../pru1_bsp/\libhal_bsp.a(altera_avalon_jtag_uart_write.o)
 .debug_loc     0x000000fd       0x1e c:/altera/13.0sp1/nios2eds/bin/gnu/h-i686-mingw32/bin/../lib/gcc/nios2-elf/4.1.2/../../../../nios2-elf/lib/mno-hw-mul\libsmallc.a(lib_a-strlen.o)

.debug_macinfo
 *(.debug_macinfo)

.debug_weaknames
 *(.debug_weaknames)

.debug_funcnames
 *(.debug_funcnames)

.debug_typenames
 *(.debug_typenames)

.debug_varnames
 *(.debug_varnames)

.debug_alt_sim_info
                0x00000000       0x10
 *(.debug_alt_sim_info)
 .debug_alt_sim_info
                0x00000000       0x10 ../pru1_bsp//obj/HAL/src/crt0.o
                0x00003000                __alt_data_end = 0x3000
                0x00003000                PROVIDE (__alt_stack_pointer, __alt_data_end)
                0x00002208                PROVIDE (__alt_stack_limit, __alt_stack_base)
                0x00002208                PROVIDE (__alt_heap_start, end)
                0x00003000                PROVIDE (__alt_heap_limit, 0x3000)
OUTPUT(pru1.elf elf32-littlenios2)

.debug_ranges   0x00000000       0x20
 .debug_ranges  0x00000000       0x20 ../pru1_bsp//obj/HAL/src/crt0.o
